// Vitest Snapshot v1, https://vitest.dev/guide/snapshot.html

exports[`show page renders correctly 1`] = `
<DocumentFragment>
  <style
    data-mantine-styles="classes"
  >
    @media (max-width: 35.99375em) {.mantine-visible-from-xs {display: none !important;}}@media (min-width: 36em) {.mantine-hidden-from-xs {display: none !important;}}@media (max-width: 47.99375em) {.mantine-visible-from-sm {display: none !important;}}@media (min-width: 48em) {.mantine-hidden-from-sm {display: none !important;}}@media (max-width: 61.99375em) {.mantine-visible-from-md {display: none !important;}}@media (min-width: 62em) {.mantine-hidden-from-md {display: none !important;}}@media (max-width: 74.99375em) {.mantine-visible-from-lg {display: none !important;}}@media (min-width: 75em) {.mantine-hidden-from-lg {display: none !important;}}@media (max-width: 87.99375em) {.mantine-visible-from-xl {display: none !important;}}@media (min-width: 88em) {.mantine-hidden-from-xl {display: none !important;}}
  </style>
  <div
    style="padding: 0.5rem; max-width: 100%;"
  >
    <div
      style="display: flex; align-items: center; gap: .5rem;"
    >
      <strong
        style="font-size: 1rem;"
      >
        Something went wrong!
      </strong>
      <button
        style="appearance: none; font-size: 0.6em; border: 1px solid currentcolor; padding: 0.1rem 0.2rem; font-weight: bold; border-radius: .25rem;"
      >
        Hide Error
      </button>
    </div>
    <div
      style="height: 0.25rem;"
    />
    <div>
      <pre
        style="font-size: 0.7em; border: 1px solid red; border-radius: .25rem; padding: 0.3rem; color: red; overflow: auto;"
      >
        <code>
          Cannot read properties of undefined (reading 'queryFn')
        </code>
      </pre>
    </div>
  </div>
</DocumentFragment>
`;
