// Vitest Snapshot v1, https://vitest.dev/guide/snapshot.html

exports[`PersonCard > matches snapshot 1`] = `
<DocumentFragment>
  <style
    data-mantine-styles="classes"
  >
    @media (max-width: 35.99375em) {.mantine-visible-from-xs {display: none !important;}}@media (min-width: 36em) {.mantine-hidden-from-xs {display: none !important;}}@media (max-width: 47.99375em) {.mantine-visible-from-sm {display: none !important;}}@media (min-width: 48em) {.mantine-hidden-from-sm {display: none !important;}}@media (max-width: 61.99375em) {.mantine-visible-from-md {display: none !important;}}@media (min-width: 62em) {.mantine-hidden-from-md {display: none !important;}}@media (max-width: 74.99375em) {.mantine-visible-from-lg {display: none !important;}}@media (min-width: 75em) {.mantine-hidden-from-lg {display: none !important;}}@media (max-width: 87.99375em) {.mantine-visible-from-xl {display: none !important;}}@media (min-width: 88em) {.mantine-hidden-from-xl {display: none !important;}}
  </style>
  <div
    class="m_e615b15f mantine-Card-root m_1b7284a3 mantine-Paper-root"
    data-with-border="true"
    style="--paper-radius: var(--mantine-radius-md); --paper-shadow: var(--mantine-shadow-sm); --card-padding: var(--mantine-spacing-xs);"
  >
    <div
      class="m_599a2148 mantine-Card-section"
      data-first-section="true"
      data-inherit-padding="true"
      data-with-border="true"
      style="padding-block: var(--mantine-spacing-xs);"
    >
      <div
        class="m_4081bf90 mantine-Group-root"
        style="--group-gap: var(--mantine-spacing-md); --group-align: center; --group-justify: space-between; --group-wrap: wrap;"
      >
        <p
          class="mantine-focus-auto m_b6d8b162 mantine-Text-root"
          style="padding-inline: var(--mantine-spacing-xs); font-weight: 500;"
        >
          Person information
        </p>
        <button
          class="mantine-focus-auto mantine-active m_77c9d27d mantine-Button-root m_87cf2631 mantine-UnstyledButton-root"
          data-size="compact-sm"
          data-variant="outline"
          style="--button-height: var(--button-height-compact-sm); --button-padding-x: var(--button-padding-x-compact-sm); --button-fz: var(--mantine-font-size-sm); --button-bg: transparent; --button-hover: var(--mantine-color-blue-outline-hover); --button-color: var(--mantine-color-blue-outline); --button-bd: calc(0.0625rem * var(--mantine-scale)) solid var(--mantine-color-blue-outline); font-weight: 500;"
          type="button"
        >
          <span
            class="m_80f1301b mantine-Button-inner"
          >
            <span
              class="m_811560b9 mantine-Button-label"
            >
              Edit person
            </span>
          </span>
        </button>
      </div>
    </div>
    <div
      class=""
      style="padding-top: var(--mantine-spacing-xs);"
    >
      <div
        class="m_6d731127 mantine-Stack-root"
        style="--stack-gap: var(--mantine-spacing-sm); --stack-align: stretch; --stack-justify: flex-start;"
      >
        <div
          class="m_4081bf90 mantine-Group-root"
          style="--group-gap: var(--mantine-spacing-md); --group-align: flex-start; --group-justify: flex-start; --group-wrap: wrap;"
        >
          <p
            class="mantine-focus-auto m_b6d8b162 mantine-Text-root"
            style="color: var(--mantine-color-dimmed); font-weight: 600; width: calc(9.375rem * var(--mantine-scale));"
          >
            Primary name:
          </p>
          <p
            class="mantine-focus-auto m_b6d8b162 mantine-Text-root"
          >
            string
            <span
              class="m_347db0ec mantine-Badge-root"
              style="--badge-bg: var(--mantine-color-red-filled); --badge-color: var(--mantine-color-white); --badge-bd: calc(0.0625rem * var(--mantine-scale)) solid transparent; margin-left: var(--mantine-spacing-sm);"
            >
              <span
                class="m_5add502a mantine-Badge-label"
              >
                Deceased
              </span>
            </span>
          </p>
        </div>
        <div
          class="m_4081bf90 mantine-Group-root"
          style="--group-gap: var(--mantine-spacing-md); --group-align: flex-start; --group-justify: flex-start; --group-wrap: wrap;"
        >
          <p
            class="mantine-focus-auto m_b6d8b162 mantine-Text-root"
            style="color: var(--mantine-color-dimmed); font-weight: 600; width: calc(9.375rem * var(--mantine-scale));"
          >
            Gender:
          </p>
          <p
            class="mantine-focus-auto m_b6d8b162 mantine-Text-root"
          >
            Male
          </p>
        </div>
        <div
          class="m_4081bf90 mantine-Group-root"
          style="--group-gap: var(--mantine-spacing-md); --group-align: flex-start; --group-justify: flex-start; --group-wrap: wrap;"
        >
          <p
            class="mantine-focus-auto m_b6d8b162 mantine-Text-root"
            style="color: var(--mantine-color-dimmed); font-weight: 600; width: calc(9.375rem * var(--mantine-scale));"
          >
            Birth date:
          </p>
          <p
            class="mantine-focus-auto m_b6d8b162 mantine-Text-root"
          >
            9&#x2F;3&#x2F;2025
          </p>
        </div>
        <div
          class="m_4081bf90 mantine-Group-root"
          style="--group-gap: var(--mantine-spacing-md); --group-align: flex-start; --group-justify: flex-start; --group-wrap: wrap;"
        >
          <p
            class="mantine-focus-auto m_b6d8b162 mantine-Text-root"
            style="color: var(--mantine-color-dimmed); font-weight: 600; width: calc(9.375rem * var(--mantine-scale));"
          >
            Age:
          </p>
          <p
            class="mantine-focus-auto m_b6d8b162 mantine-Text-root"
          >
            a few seconds
          </p>
        </div>
        <div
          class="m_4081bf90 mantine-Group-root"
          style="--group-gap: var(--mantine-spacing-md); --group-align: flex-start; --group-justify: flex-start; --group-wrap: wrap;"
        >
          <p
            class="mantine-focus-auto m_b6d8b162 mantine-Text-root"
            style="color: var(--mantine-color-dimmed); font-weight: 600; width: calc(9.375rem * var(--mantine-scale));"
          >
            Death date:
          </p>
          <p
            class="mantine-focus-auto m_b6d8b162 mantine-Text-root"
          >
            9&#x2F;3&#x2F;2025
          </p>
        </div>
      </div>
    </div>
  </div>
</DocumentFragment>
`;
