// Vitest Snapshot v1, https://vitest.dev/guide/snapshot.html

exports[`index pages renders correctly 1`] = `
<DocumentFragment>
  <style
    data-mantine-styles="classes"
  >
    @media (max-width: 35.99375em) {.mantine-visible-from-xs {display: none !important;}}@media (min-width: 36em) {.mantine-hidden-from-xs {display: none !important;}}@media (max-width: 47.99375em) {.mantine-visible-from-sm {display: none !important;}}@media (min-width: 48em) {.mantine-hidden-from-sm {display: none !important;}}@media (max-width: 61.99375em) {.mantine-visible-from-md {display: none !important;}}@media (min-width: 62em) {.mantine-hidden-from-md {display: none !important;}}@media (max-width: 74.99375em) {.mantine-visible-from-lg {display: none !important;}}@media (min-width: 75em) {.mantine-hidden-from-lg {display: none !important;}}@media (max-width: 87.99375em) {.mantine-visible-from-xl {display: none !important;}}@media (min-width: 88em) {.mantine-hidden-from-xl {display: none !important;}}
  </style>
  <div
    class="m_6d731127 mantine-Stack-root"
    style="--stack-gap: var(--mantine-spacing-md); --stack-align: stretch; --stack-justify: flex-start;"
  >
    <div
      class="m_4081bf90 mantine-Group-root"
      style="--group-gap: var(--mantine-spacing-md); --group-align: center; --group-justify: space-between; --group-wrap: wrap;"
    >
      <p
        class="mantine-focus-auto m_b6d8b162 mantine-Text-root"
        data-size="xl"
        style="--text-fz: var(--mantine-font-size-xl); --text-lh: var(--mantine-line-height-xl); font-weight: 700;"
      >
        Patients
      </p>
      <button
        aria-current="page"
        class="mantine-focus-auto mantine-active active m_77c9d27d mantine-Button-root m_87cf2631 mantine-UnstyledButton-root"
        data-status="active"
        href="/"
        style="--button-color: var(--mantine-color-white);"
        type="button"
      >
        <span
          class="m_80f1301b mantine-Button-inner"
        >
          <span
            class="m_811560b9 mantine-Button-label"
          >
            New Patient
          </span>
        </span>
      </button>
    </div>
    <div
      class="m_a100c15 mantine-TableScrollContainer-scrollContainer m_d57069b5 mantine-ScrollArea-root"
      style="--table-min-width: calc(50rem * var(--mantine-scale)); --sa-corner-width: 0px; --sa-corner-height: 0px;"
    >
      <div
        class="m_c0783ff9 mantine-ScrollArea-viewport"
        data-offset-scrollbars="x"
        data-scrollbars="xy"
        style="overflow-x: scroll; overflow-y: scroll;"
      >
        <div
          class="m_b1336c6 mantine-ScrollArea-content"
        >
          <div
            class="m_62259741 mantine-TableScrollContainer-scrollContainerInner"
          >
            <table
              class="m_b23fa0ef mantine-Table-table"
              style="--table-vertical-spacing: calc(0.4375rem * var(--mantine-scale));"
            >
              <thead
                class="m_b242d975 mantine-Table-thead"
              >
                <tr
                  class="m_4e7aa4fd mantine-Table-tr"
                  data-hover="true"
                  data-striped="odd"
                  data-with-row-border="true"
                >
                  <th
                    class="m_4e7aa4f3 mantine-Table-th"
                  >
                    ID
                  </th>
                  <th
                    class="m_4e7aa4f3 mantine-Table-th"
                  >
                    Full Name
                  </th>
                  <th
                    class="m_4e7aa4f3 mantine-Table-th"
                  >
                    Gender
                  </th>
                  <th
                    class="m_4e7aa4f3 mantine-Table-th"
                  >
                    Birthdate
                  </th>
                  <th
                    class="m_4e7aa4f3 mantine-Table-th"
                  >
                    Death Indicator
                  </th>
                  <th
                    class="m_4e7aa4f3 mantine-Table-th"
                  >
                    Death date
                  </th>
                  <th
                    class="m_4e7aa4f3 mantine-Table-th"
                  >
                    Status
                  </th>
                  <th
                    class="m_4e7aa4f3 mantine-Table-th"
                  >
                    Status date
                  </th>
                  <th
                    class="m_4e7aa4f3 mantine-Table-th"
                  >
                    Actions
                  </th>
                </tr>
              </thead>
              <tbody
                class="m_b2404537 mantine-Table-tbody"
              >
                <tr
                  class="m_4e7aa4fd mantine-Table-tr"
                  data-hover="true"
                  data-striped="odd"
                  data-with-row-border="true"
                >
                  <td
                    class="m_4e7aa4ef mantine-Table-td"
                  >
                    <p
                      class="mantine-focus-auto m_b6d8b162 mantine-Text-root"
                    >
                      8498d20d-6c84-4f09-96c5-5af3a557b1e3
                    </p>
                  </td>
                  <td
                    class="m_4e7aa4ef mantine-Table-td"
                  >
                    <p
                      class="mantine-focus-auto m_b6d8b162 mantine-Text-root"
                    >
                      Donald Trump Jr
                    </p>
                  </td>
                  <td
                    class="m_4e7aa4ef mantine-Table-td"
                  >
                    Male
                  </td>
                  <td
                    class="m_4e7aa4ef mantine-Table-td"
                  >
                    1&#x2F;1&#x2F;1991
                  </td>
                  <td
                    class="m_4e7aa4ef mantine-Table-td"
                  >
                    <p
                      class="mantine-focus-auto m_b6d8b162 mantine-Text-root"
                    >
                      No
                    </p>
                  </td>
                  <td
                    class="m_4e7aa4ef mantine-Table-td"
                  >
                    N/A
                  </td>
                  <td
                    class="m_4e7aa4ef mantine-Table-td"
                  >
                    <p
                      class="mantine-focus-auto m_b6d8b162 mantine-Text-root"
                    >
                      eligible
                    </p>
                  </td>
                  <td
                    class="m_4e7aa4ef mantine-Table-td"
                  >
                    11&#x2F;6&#x2F;2024
                  </td>
                  <td
                    class="m_4e7aa4ef mantine-Table-td"
                  >
                    <button
                      aria-current="page"
                      class="mantine-focus-auto mantine-active active m_77c9d27d mantine-Button-root m_87cf2631 mantine-UnstyledButton-root"
                      data-status="active"
                      href="/"
                      style="--button-color: var(--mantine-color-white);"
                      type="button"
                    >
                      <span
                        class="m_80f1301b mantine-Button-inner"
                      >
                        <span
                          class="m_811560b9 mantine-Button-label"
                        >
                          Info
                        </span>
                      </span>
                    </button>
                  </td>
                </tr>
                <tr
                  class="m_4e7aa4fd mantine-Table-tr"
                  data-hover="true"
                  data-striped="odd"
                  data-with-row-border="true"
                >
                  <td
                    class="m_4e7aa4ef mantine-Table-td"
                  >
                    <p
                      class="mantine-focus-auto m_b6d8b162 mantine-Text-root"
                    >
                      ba6107f6-0891-44c5-8d84-01352f32ace2
                    </p>
                  </td>
                  <td
                    class="m_4e7aa4ef mantine-Table-td"
                  >
                    <p
                      class="mantine-focus-auto m_b6d8b162 mantine-Text-root"
                    >
                      Kamala Harris
                    </p>
                  </td>
                  <td
                    class="m_4e7aa4ef mantine-Table-td"
                  >
                    Female
                  </td>
                  <td
                    class="m_4e7aa4ef mantine-Table-td"
                  >
                    1&#x2F;1&#x2F;2001
                  </td>
                  <td
                    class="m_4e7aa4ef mantine-Table-td"
                  >
                    <p
                      class="mantine-focus-auto m_b6d8b162 mantine-Text-root"
                    >
                      No
                    </p>
                  </td>
                  <td
                    class="m_4e7aa4ef mantine-Table-td"
                  >
                    N/A
                  </td>
                  <td
                    class="m_4e7aa4ef mantine-Table-td"
                  >
                    <p
                      class="mantine-focus-auto m_b6d8b162 mantine-Text-root"
                    >
                      candidate
                    </p>
                  </td>
                  <td
                    class="m_4e7aa4ef mantine-Table-td"
                  >
                    7&#x2F;28&#x2F;2025
                  </td>
                  <td
                    class="m_4e7aa4ef mantine-Table-td"
                  >
                    <button
                      aria-current="page"
                      class="mantine-focus-auto mantine-active active m_77c9d27d mantine-Button-root m_87cf2631 mantine-UnstyledButton-root"
                      data-status="active"
                      href="/"
                      style="--button-color: var(--mantine-color-white);"
                      type="button"
                    >
                      <span
                        class="m_80f1301b mantine-Button-inner"
                      >
                        <span
                          class="m_811560b9 mantine-Button-label"
                        >
                          Info
                        </span>
                      </span>
                    </button>
                  </td>
                </tr>
              </tbody>
            </table>
          </div>
        </div>
      </div>
    </div>
  </div>
</DocumentFragment>
`;
