// Vitest Snapshot v1, https://vitest.dev/guide/snapshot.html

exports[`new page renders correctly 1`] = `
<DocumentFragment>
  <style
    data-mantine-styles="classes"
  >
    @media (max-width: 35.99375em) {.mantine-visible-from-xs {display: none !important;}}@media (min-width: 36em) {.mantine-hidden-from-xs {display: none !important;}}@media (max-width: 47.99375em) {.mantine-visible-from-sm {display: none !important;}}@media (min-width: 48em) {.mantine-hidden-from-sm {display: none !important;}}@media (max-width: 61.99375em) {.mantine-visible-from-md {display: none !important;}}@media (min-width: 62em) {.mantine-hidden-from-md {display: none !important;}}@media (max-width: 74.99375em) {.mantine-visible-from-lg {display: none !important;}}@media (min-width: 75em) {.mantine-hidden-from-lg {display: none !important;}}@media (max-width: 87.99375em) {.mantine-visible-from-xl {display: none !important;}}@media (min-width: 88em) {.mantine-hidden-from-xl {display: none !important;}}
  </style>
  <form>
    <style
      data-mantine-styles="inline"
    >
      .__m__-«r0»{--grid-gutter:var(--mantine-spacing-md);}
    </style>
    <div
      class="m_410352e9 mantine-Grid-root __m__-«r0»"
    >
      <div
        class="m_dee7bd2f mantine-Grid-inner"
      >
        <style
          data-mantine-styles="inline"
        >
          .__m__-«r2»{--col-flex-grow:auto;--col-flex-basis:50%;--col-max-width:50%;}
        </style>
        <div
          class="m_96bdd299 mantine-Grid-col __m__-«r2»"
        >
          <div
            class="m_6d731127 mantine-Stack-root"
            style="--stack-gap: var(--mantine-spacing-md); --stack-align: stretch; --stack-justify: flex-start;"
          >
            <div
              class="m_e615b15f mantine-Card-root m_1b7284a3 mantine-Paper-root"
            >
              <div
                class="m_8bffd616 mantine-Flex-root __m__-«r6»"
                style="gap: var(--mantine-spacing-md);"
              >
                <div
                  class="m_46b77525 mantine-InputWrapper-root mantine-TextInput-root"
                >
                  <label
                    class="m_8fdc1311 mantine-InputWrapper-label mantine-TextInput-label"
                    for="mantine-f4bipx4bi"
                    id="mantine-f4bipx4bi-label"
                  >
                    Family
                  </label>
                  <div
                    class="m_6c018570 mantine-Input-wrapper mantine-TextInput-wrapper"
                    data-variant="default"
                  >
                    <input
                      aria-invalid="false"
                      class="m_8fb7ebe7 mantine-Input-input mantine-TextInput-input"
                      data-path="performingBiologicEntity.name.family"
                      data-variant="default"
                      id="mantine-f4bipx4bi"
                      value=""
                    />
                  </div>
                </div>
                <div
                  class="m_46b77525 mantine-InputWrapper-root mantine-TextInput-root"
                >
                  <label
                    class="m_8fdc1311 mantine-InputWrapper-label mantine-TextInput-label"
                    for="mantine-f4bipx4bi"
                    id="mantine-f4bipx4bi-label"
                  >
                    Given
                  </label>
                  <div
                    class="m_6c018570 mantine-Input-wrapper mantine-TextInput-wrapper"
                    data-variant="default"
                  >
                    <input
                      aria-invalid="false"
                      class="m_8fb7ebe7 mantine-Input-input mantine-TextInput-input"
                      data-path="performingBiologicEntity.name.given"
                      data-variant="default"
                      id="mantine-f4bipx4bi"
                      value=""
                    />
                  </div>
                </div>
                <div
                  class="m_46b77525 mantine-InputWrapper-root mantine-TextInput-root"
                >
                  <label
                    class="m_8fdc1311 mantine-InputWrapper-label mantine-TextInput-label"
                    for="mantine-f4bipx4bi"
                    id="mantine-f4bipx4bi-label"
                  >
                    Patronymic
                  </label>
                  <div
                    class="m_6c018570 mantine-Input-wrapper mantine-TextInput-wrapper"
                    data-variant="default"
                  >
                    <input
                      aria-invalid="false"
                      class="m_8fb7ebe7 mantine-Input-input mantine-TextInput-input"
                      data-path="performingBiologicEntity.name.patronymic"
                      data-variant="default"
                      id="mantine-f4bipx4bi"
                      value=""
                    />
                  </div>
                </div>
              </div>
            </div>
            <div
              class="m_e615b15f mantine-Card-root m_1b7284a3 mantine-Paper-root"
            >
              <div
                class="m_6d731127 mantine-Stack-root"
                style="--stack-gap: var(--mantine-spacing-md); --stack-align: flex-start; --stack-justify: flex-start;"
              >
                <div
                  class="m_46b77525 mantine-InputWrapper-root mantine-Select-root"
                >
                  <label
                    class="m_8fdc1311 mantine-InputWrapper-label mantine-Select-label"
                    for="mantine-f4bipx4bi"
                    id="mantine-f4bipx4bi-label"
                  >
                    Administrative gender
                  </label>
                  <div
                    class="m_6c018570 mantine-Input-wrapper mantine-Select-wrapper"
                    data-pointer="true"
                    data-variant="default"
                    data-with-right-section="true"
                    style="--input-right-section-pointer-events: none;"
                  >
                    <input
                      aria-haspopup="listbox"
                      aria-invalid="false"
                      autocomplete="off"
                      class="m_8fb7ebe7 mantine-Input-input mantine-Select-input"
                      data-path="performingBiologicEntity.administrativeGenderCode"
                      data-variant="default"
                      id="mantine-f4bipx4bi"
                      readonly=""
                      value=""
                    />
                    <div
                      class="m_82577fc2 mantine-Input-section mantine-Select-section"
                      data-position="right"
                    >
                      <svg
                        class="m_2943220b mantine-ComboboxChevron-chevron"
                        data-combobox-chevron="true"
                        fill="none"
                        viewBox="0 0 15 15"
                        xmlns="http://www.w3.org/2000/svg"
                      >
                        <path
                          clip-rule="evenodd"
                          d="M4.93179 5.43179C4.75605 5.60753 4.75605 5.89245 4.93179 6.06819C5.10753 6.24392 5.39245 6.24392 5.56819 6.06819L7.49999 4.13638L9.43179 6.06819C9.60753 6.24392 9.89245 6.24392 10.0682 6.06819C10.2439 5.89245 10.2439 5.60753 10.0682 5.43179L7.81819 3.18179C7.73379 3.0974 7.61933 3.04999 7.49999 3.04999C7.38064 3.04999 7.26618 3.0974 7.18179 3.18179L4.93179 5.43179ZM10.0682 9.56819C10.2439 9.39245 10.2439 9.10753 10.0682 8.93179C9.89245 8.75606 9.60753 8.75606 9.43179 8.93179L7.49999 10.8636L5.56819 8.93179C5.39245 8.75606 5.10753 8.75606 4.93179 8.93179C4.75605 9.10753 4.75605 9.39245 4.93179 9.56819L7.18179 11.8182C7.35753 11.9939 7.64245 11.9939 7.81819 11.8182L10.0682 9.56819Z"
                          fill="currentColor"
                          fill-rule="evenodd"
                        />
                      </svg>
                    </div>
                  </div>
                </div>
                <input
                  type="hidden"
                  value=""
                />
                <div
                  class="m_46b77525 mantine-InputWrapper-root mantine-DateInput-root"
                >
                  <label
                    class="m_8fdc1311 mantine-InputWrapper-label mantine-DateInput-label"
                    for="mantine-f4bipx4bi"
                    id="mantine-f4bipx4bi-label"
                  >
                    Birth date
                  </label>
                  <div
                    class="m_6c018570 mantine-Input-wrapper mantine-DateInput-wrapper"
                    data-variant="default"
                  >
                    <input
                      aria-invalid="false"
                      autocomplete="off"
                      class="m_8fb7ebe7 mantine-Input-input mantine-DateInput-input"
                      data-dates-input="true"
                      data-path="performingBiologicEntity.birthDate"
                      data-variant="default"
                      id="mantine-f4bipx4bi"
                      value=""
                    />
                  </div>
                </div>
                <input
                  type="hidden"
                  value=""
                />
              </div>
            </div>
            <div
              class="m_e615b15f mantine-Card-root m_1b7284a3 mantine-Paper-root"
            >
              <div
                class="m_6d731127 mantine-Stack-root"
                style="--stack-gap: var(--mantine-spacing-md); --stack-align: flex-start; --stack-justify: flex-start;"
              >
                <div
                  class="m_46b77525 mantine-InputWrapper-root mantine-Select-root"
                >
                  <label
                    class="m_8fdc1311 mantine-InputWrapper-label mantine-Select-label"
                    for="mantine-f4bipx4bi"
                    id="mantine-f4bipx4bi-label"
                  >
                    Status
                  </label>
                  <div
                    class="m_6c018570 mantine-Input-wrapper mantine-Select-wrapper"
                    data-pointer="true"
                    data-variant="default"
                    data-with-right-section="true"
                    style="--input-right-section-pointer-events: none;"
                  >
                    <input
                      aria-haspopup="listbox"
                      aria-invalid="false"
                      autocomplete="off"
                      class="m_8fb7ebe7 mantine-Input-input mantine-Select-input"
                      data-path="status"
                      data-variant="default"
                      id="mantine-f4bipx4bi"
                      readonly=""
                      value="Candidate"
                    />
                    <div
                      class="m_82577fc2 mantine-Input-section mantine-Select-section"
                      data-position="right"
                    >
                      <svg
                        class="m_2943220b mantine-ComboboxChevron-chevron"
                        data-combobox-chevron="true"
                        fill="none"
                        viewBox="0 0 15 15"
                        xmlns="http://www.w3.org/2000/svg"
                      >
                        <path
                          clip-rule="evenodd"
                          d="M4.93179 5.43179C4.75605 5.60753 4.75605 5.89245 4.93179 6.06819C5.10753 6.24392 5.39245 6.24392 5.56819 6.06819L7.49999 4.13638L9.43179 6.06819C9.60753 6.24392 9.89245 6.24392 10.0682 6.06819C10.2439 5.89245 10.2439 5.60753 10.0682 5.43179L7.81819 3.18179C7.73379 3.0974 7.61933 3.04999 7.49999 3.04999C7.38064 3.04999 7.26618 3.0974 7.18179 3.18179L4.93179 5.43179ZM10.0682 9.56819C10.2439 9.39245 10.2439 9.10753 10.0682 8.93179C9.89245 8.75606 9.60753 8.75606 9.43179 8.93179L7.49999 10.8636L5.56819 8.93179C5.39245 8.75606 5.10753 8.75606 4.93179 8.93179C4.75605 9.10753 4.75605 9.39245 4.93179 9.56819L7.18179 11.8182C7.35753 11.9939 7.64245 11.9939 7.81819 11.8182L10.0682 9.56819Z"
                          fill="currentColor"
                          fill-rule="evenodd"
                        />
                      </svg>
                    </div>
                  </div>
                </div>
                <input
                  type="hidden"
                  value="candidate"
                />
                <div
                  class="m_46b77525 mantine-InputWrapper-root mantine-DateInput-root"
                >
                  <label
                    class="m_8fdc1311 mantine-InputWrapper-label mantine-DateInput-label"
                    for="mantine-f4bipx4bi"
                    id="mantine-f4bipx4bi-label"
                  >
                    Status date
                  </label>
                  <div
                    class="m_6c018570 mantine-Input-wrapper mantine-DateInput-wrapper"
                    data-variant="default"
                  >
                    <input
                      aria-invalid="false"
                      autocomplete="off"
                      class="m_8fb7ebe7 mantine-Input-input mantine-DateInput-input"
                      data-dates-input="true"
                      data-path="statusDate"
                      data-variant="default"
                      id="mantine-f4bipx4bi"
                      value="2025-08-01"
                    />
                  </div>
                </div>
                <input
                  type="hidden"
                  value="2025-08-01"
                />
                <div
                  class="m_46b77525 mantine-InputWrapper-root mantine-MultiSelect-root"
                  data-size="sm"
                >
                  <label
                    class="m_8fdc1311 mantine-InputWrapper-label mantine-MultiSelect-label"
                    data-size="sm"
                    for="mantine-f4bipx4bi"
                    id="mantine-f4bipx4bi-label"
                  >
                    Study sites
                  </label>
                  <div
                    class="m_6c018570 mantine-Input-wrapper mantine-MultiSelect-wrapper"
                    data-multiline="true"
                    data-pointer="true"
                    data-size="sm"
                    data-variant="default"
                    data-with-right-section="true"
                    style="--input-right-section-pointer-events: none;"
                  >
                    <div
                      class="m_8fb7ebe7 mantine-Input-input mantine-MultiSelect-input"
                      data-no-overflow="true"
                      data-variant="default"
                    >
                      <div
                        class="mantine-MultiSelect-pillsList m_1dcfd90b mantine-PillGroup-group"
                        data-size="sm"
                        style="--pg-gap: var(--pg-gap-sm);"
                      >
                        <input
                          aria-haspopup="listbox"
                          aria-invalid="false"
                          autocomplete="off"
                          class="mantine-MultiSelect-inputField m_45c4369d mantine-PillsInputField-field"
                          data-path="assignedStudySiteProtocolVersionRelationship"
                          data-pointer="true"
                          data-type="hidden"
                          id="mantine-f4bipx4bi"
                          readonly=""
                          type="text"
                          value=""
                        />
                      </div>
                    </div>
                    <div
                      class="m_82577fc2 mantine-Input-section mantine-MultiSelect-section"
                      data-position="right"
                    >
                      <svg
                        class="m_2943220b mantine-ComboboxChevron-chevron"
                        data-combobox-chevron="true"
                        fill="none"
                        viewBox="0 0 15 15"
                        xmlns="http://www.w3.org/2000/svg"
                      >
                        <path
                          clip-rule="evenodd"
                          d="M4.93179 5.43179C4.75605 5.60753 4.75605 5.89245 4.93179 6.06819C5.10753 6.24392 5.39245 6.24392 5.56819 6.06819L7.49999 4.13638L9.43179 6.06819C9.60753 6.24392 9.89245 6.24392 10.0682 6.06819C10.2439 5.89245 10.2439 5.60753 10.0682 5.43179L7.81819 3.18179C7.73379 3.0974 7.61933 3.04999 7.49999 3.04999C7.38064 3.04999 7.26618 3.0974 7.18179 3.18179L4.93179 5.43179ZM10.0682 9.56819C10.2439 9.39245 10.2439 9.10753 10.0682 8.93179C9.89245 8.75606 9.60753 8.75606 9.43179 8.93179L7.49999 10.8636L5.56819 8.93179C5.39245 8.75606 5.10753 8.75606 4.93179 8.93179C4.75605 9.10753 4.75605 9.39245 4.93179 9.56819L7.18179 11.8182C7.35753 11.9939 7.64245 11.9939 7.81819 11.8182L10.0682 9.56819Z"
                          fill="currentColor"
                          fill-rule="evenodd"
                        />
                      </svg>
                    </div>
                  </div>
                </div>
                <input
                  type="hidden"
                  value=""
                />
              </div>
            </div>
          </div>
        </div>
        <style
          data-mantine-styles="inline"
        >
          .__m__-«r26»{--col-flex-grow:auto;--col-flex-basis:33.333333333333336%;--col-max-width:33.333333333333336%;}
        </style>
        <div
          class="m_96bdd299 mantine-Grid-col __m__-«r26»"
        >
          <div
            class="m_e615b15f mantine-Card-root m_1b7284a3 mantine-Paper-root"
            style="width: 300px;"
          >
            <p
              class="mantine-focus-auto m_b6d8b162 mantine-Text-root"
              style="margin-bottom: var(--mantine-spacing-sm); font-weight: 500;"
            >
              Select existing biologic entity:
            </p>
            <div
              class="m_b2821a6e mantine-Combobox-options"
              id="mantine-f4bipx4bi"
              role="listbox"
              style="--combobox-option-fz: var(--mantine-font-size-sm); --combobox-option-padding: var(--combobox-option-padding-sm);"
            >
              <div
                class="m_92253aa5 mantine-Combobox-option"
                data-combobox-option="true"
                id="«r49»"
                role="option"
                value="8498d20d-6c84-4f09-96c5-5af3a557b1e3"
              >
                Donald Trump Jr
              </div>
            </div>
          </div>
        </div>
      </div>
    </div>
    <button
      class="mantine-focus-auto mantine-active m_77c9d27d mantine-Button-root m_87cf2631 mantine-UnstyledButton-root"
      style="--button-color: var(--mantine-color-white); margin-top: var(--mantine-spacing-md);"
      type="submit"
    >
      <span
        class="m_80f1301b mantine-Button-inner"
      >
        <span
          class="m_811560b9 mantine-Button-label"
        >
          Submit
        </span>
      </span>
    </button>
  </form>
</DocumentFragment>
`;
