// Vitest Snapshot v1, https://vitest.dev/guide/snapshot.html

exports[`NamesCard > matches snapshot 1`] = `
<DocumentFragment>
  <style
    data-mantine-styles="classes"
  >
    @media (max-width: 35.99375em) {.mantine-visible-from-xs {display: none !important;}}@media (min-width: 36em) {.mantine-hidden-from-xs {display: none !important;}}@media (max-width: 47.99375em) {.mantine-visible-from-sm {display: none !important;}}@media (min-width: 48em) {.mantine-hidden-from-sm {display: none !important;}}@media (max-width: 61.99375em) {.mantine-visible-from-md {display: none !important;}}@media (min-width: 62em) {.mantine-hidden-from-md {display: none !important;}}@media (max-width: 74.99375em) {.mantine-visible-from-lg {display: none !important;}}@media (min-width: 75em) {.mantine-hidden-from-lg {display: none !important;}}@media (max-width: 87.99375em) {.mantine-visible-from-xl {display: none !important;}}@media (min-width: 88em) {.mantine-hidden-from-xl {display: none !important;}}
  </style>
  <div
    class="m_e615b15f mantine-Card-root m_1b7284a3 mantine-Paper-root"
    data-with-border="true"
    style="--paper-radius: var(--mantine-radius-md); --paper-shadow: var(--mantine-shadow-sm);"
  >
    <div
      class="m_599a2148 mantine-Card-section"
      data-first-section="true"
      data-inherit-padding="true"
      data-with-border="true"
      style="padding-block: var(--mantine-spacing-xs);"
    >
      <div
        class="m_4081bf90 mantine-Group-root"
        style="--group-gap: var(--mantine-spacing-md); --group-align: center; --group-justify: space-between; --group-wrap: wrap;"
      >
        <p
          class="mantine-focus-auto m_b6d8b162 mantine-Text-root"
          style="padding-inline: var(--mantine-spacing-xs); font-weight: 500;"
        >
          Person names
        </p>
        <button
          class="mantine-focus-auto mantine-active m_77c9d27d mantine-Button-root m_87cf2631 mantine-UnstyledButton-root"
          data-size="compact-sm"
          data-variant="outline"
          style="--button-height: var(--button-height-compact-sm); --button-padding-x: var(--button-padding-x-compact-sm); --button-fz: var(--mantine-font-size-sm); --button-bg: transparent; --button-hover: var(--mantine-color-blue-outline-hover); --button-color: var(--mantine-color-blue-outline); --button-bd: calc(0.0625rem * var(--mantine-scale)) solid var(--mantine-color-blue-outline); font-weight: 500;"
          type="button"
        >
          <span
            class="m_80f1301b mantine-Button-inner"
          >
            <span
              class="m_811560b9 mantine-Button-label"
            >
              Add
            </span>
          </span>
        </button>
      </div>
    </div>
    <div
      class="m_599a2148 mantine-Card-section"
      data-inherit-padding="true"
      data-last-section="true"
      style="padding-block: var(--mantine-spacing-xs);"
    >
      <div
        class=""
        style="min-height: 80px; position: relative;"
      >
        <div
          class="m_6e45937b mantine-LoadingOverlay-root"
          style="--lo-z-index: 400;"
        >
          <span
            class="m_b34414df m_e8eb006c mantine-LoadingOverlay-loader m_5ae2e3c mantine-Loader-root"
          />
          <div
            class="m_df587f17 mantine-LoadingOverlay-overlay m_9814e45f mantine-Overlay-root mantine-dark-hidden"
            style="--overlay-bg: rgba(255, 255, 255, 0.75); --overlay-z-index: 200;"
          />
          <div
            class="m_df587f17 mantine-LoadingOverlay-overlay m_9814e45f mantine-Overlay-root mantine-light-hidden"
            style="--overlay-bg: rgba(59, 59, 59, 0.75); --overlay-z-index: 200;"
          />
        </div>
      </div>
    </div>
  </div>
</DocumentFragment>
`;
