// Vitest Snapshot v1, https://vitest.dev/guide/snapshot.html

exports[`AddressForm > matches snapshot 1`] = `
<DocumentFragment>
  <style
    data-mantine-styles="classes"
  >
    @media (max-width: 35.99375em) {.mantine-visible-from-xs {display: none !important;}}@media (min-width: 36em) {.mantine-hidden-from-xs {display: none !important;}}@media (max-width: 47.99375em) {.mantine-visible-from-sm {display: none !important;}}@media (min-width: 48em) {.mantine-hidden-from-sm {display: none !important;}}@media (max-width: 61.99375em) {.mantine-visible-from-md {display: none !important;}}@media (min-width: 62em) {.mantine-hidden-from-md {display: none !important;}}@media (max-width: 74.99375em) {.mantine-visible-from-lg {display: none !important;}}@media (min-width: 75em) {.mantine-hidden-from-lg {display: none !important;}}@media (max-width: 87.99375em) {.mantine-visible-from-xl {display: none !important;}}@media (min-width: 88em) {.mantine-hidden-from-xl {display: none !important;}}
  </style>
  <form>
    <div
      class="m_6d731127 mantine-Stack-root"
      style="--stack-gap: var(--mantine-spacing-md); --stack-align: stretch; --stack-justify: flex-start; position: relative;"
    >
      <div
        class="m_4081bf90 mantine-Group-root"
        data-grow="true"
        style="--group-child-width: calc(50% - (var(--mantine-spacing-md) - var(--mantine-spacing-md) / 2)); --group-gap: var(--mantine-spacing-md); --group-align: center; --group-justify: flex-start; --group-wrap: wrap;"
      >
        <div
          class="m_46b77525 mantine-InputWrapper-root mantine-TextInput-root"
        >
          <label
            class="m_8fdc1311 mantine-InputWrapper-label mantine-TextInput-label"
            data-required="true"
            for="mantine-4miilw5eg"
            id="mantine-4miilw5eg-label"
          >
            Country
            <span
              aria-hidden="true"
              class="m_78a94662 mantine-InputWrapper-required mantine-TextInput-required"
            >
               *
            </span>
          </label>
          <div
            class="m_6c018570 mantine-Input-wrapper mantine-TextInput-wrapper"
            data-variant="default"
          >
            <input
              aria-invalid="false"
              class="m_8fb7ebe7 mantine-Input-input mantine-TextInput-input"
              data-path="country"
              data-variant="default"
              id="mantine-4miilw5eg"
              value=""
            />
          </div>
        </div>
        <div
          class="m_46b77525 mantine-InputWrapper-root mantine-TextInput-root"
        >
          <label
            class="m_8fdc1311 mantine-InputWrapper-label mantine-TextInput-label"
            data-required="true"
            for="mantine-17gjn16kc"
            id="mantine-17gjn16kc-label"
          >
            Street
            <span
              aria-hidden="true"
              class="m_78a94662 mantine-InputWrapper-required mantine-TextInput-required"
            >
               *
            </span>
          </label>
          <div
            class="m_6c018570 mantine-Input-wrapper mantine-TextInput-wrapper"
            data-variant="default"
          >
            <input
              aria-invalid="false"
              class="m_8fb7ebe7 mantine-Input-input mantine-TextInput-input"
              data-path="street"
              data-variant="default"
              id="mantine-17gjn16kc"
              value="Red"
            />
          </div>
        </div>
      </div>
      <details>
        <summary>
          Extra
        </summary>
        <div
          class="m_4081bf90 mantine-Group-root"
          data-grow="true"
          style="--group-child-width: calc(33.333333333333336% - (var(--mantine-spacing-md) - var(--mantine-spacing-md) / 3)); --group-gap: var(--mantine-spacing-md); --group-align: center; --group-justify: flex-start; --group-wrap: wrap;"
        >
          <div
            class="m_46b77525 mantine-InputWrapper-root mantine-TextInput-root"
          >
            <label
              class="m_8fdc1311 mantine-InputWrapper-label mantine-TextInput-label"
              for="mantine-2pbrvloro"
              id="mantine-2pbrvloro-label"
            >
              Building
            </label>
            <div
              class="m_6c018570 mantine-Input-wrapper mantine-TextInput-wrapper"
              data-variant="default"
            >
              <input
                aria-invalid="false"
                class="m_8fb7ebe7 mantine-Input-input mantine-TextInput-input"
                data-path="building"
                data-variant="default"
                id="mantine-2pbrvloro"
                value="Square"
              />
            </div>
          </div>
          <div
            class="m_46b77525 mantine-InputWrapper-root mantine-TextInput-root"
          >
            <label
              class="m_8fdc1311 mantine-InputWrapper-label mantine-TextInput-label"
              for="mantine-pfqyzivqd"
              id="mantine-pfqyzivqd-label"
            >
              Municipality
            </label>
            <div
              class="m_6c018570 mantine-Input-wrapper mantine-TextInput-wrapper"
              data-variant="default"
            >
              <input
                aria-invalid="false"
                class="m_8fb7ebe7 mantine-Input-input mantine-TextInput-input"
                data-path="municipality"
                data-variant="default"
                id="mantine-pfqyzivqd"
                value=""
              />
            </div>
          </div>
          <div
            class="m_46b77525 mantine-InputWrapper-root mantine-TextInput-root"
          >
            <label
              class="m_8fdc1311 mantine-InputWrapper-label mantine-TextInput-label"
              for="mantine-7lzvq3tar"
              id="mantine-7lzvq3tar-label"
            >
              State
            </label>
            <div
              class="m_6c018570 mantine-Input-wrapper mantine-TextInput-wrapper"
              data-variant="default"
            >
              <input
                aria-invalid="false"
                class="m_8fb7ebe7 mantine-Input-input mantine-TextInput-input"
                data-path="state"
                data-variant="default"
                id="mantine-7lzvq3tar"
                value=""
              />
            </div>
          </div>
        </div>
        <div
          class="m_46b77525 mantine-InputWrapper-root mantine-TextInput-root"
        >
          <label
            class="m_8fdc1311 mantine-InputWrapper-label mantine-TextInput-label"
            for="mantine-m75qc1lk3"
            id="mantine-m75qc1lk3-label"
          >
            Zip
          </label>
          <div
            class="m_6c018570 mantine-Input-wrapper mantine-TextInput-wrapper"
            data-variant="default"
          >
            <input
              aria-invalid="false"
              class="m_8fb7ebe7 mantine-Input-input mantine-TextInput-input"
              data-path="zip"
              data-variant="default"
              id="mantine-m75qc1lk3"
              value=""
            />
          </div>
        </div>
      </details>
      <div
        class="m_4081bf90 mantine-Group-root"
        style="--group-gap: var(--mantine-spacing-md); --group-align: center; --group-justify: flex-end; --group-wrap: wrap; margin-top: var(--mantine-spacing-md);"
      >
        <button
          class="mantine-focus-auto mantine-active m_77c9d27d mantine-Button-root m_87cf2631 mantine-UnstyledButton-root"
          data-variant="outline"
          style="--button-bg: transparent; --button-hover: var(--mantine-color-blue-outline-hover); --button-color: var(--mantine-color-blue-outline); --button-bd: calc(0.0625rem * var(--mantine-scale)) solid var(--mantine-color-blue-outline);"
          type="button"
        >
          <span
            class="m_80f1301b mantine-Button-inner"
          >
            <span
              class="m_811560b9 mantine-Button-label"
            >
              Cancel
            </span>
          </span>
        </button>
        <button
          class="mantine-focus-auto mantine-active m_77c9d27d mantine-Button-root m_87cf2631 mantine-UnstyledButton-root"
          style="--button-color: var(--mantine-color-white);"
          type="submit"
        >
          <span
            class="m_80f1301b mantine-Button-inner"
          >
            <span
              class="m_811560b9 mantine-Button-label"
            >
              Submit
            </span>
          </span>
        </button>
      </div>
    </div>
  </form>
</DocumentFragment>
`;
